🚀 Starting CodeDeck...

🖥  Backend  → http://localhost:3001  (server/)
🌐 Frontend → http://localhost:3000  (client/)

Press Ctrl-C to stop both servers.


> codedeck-server@0.1.0 dev
> node --watch index.js


> codedeck-client@0.1.0 dev
> vite

node:events:502
      throw er; // Unhandled 'error' event
      ^

Error: listen EADDRINUSE: address already in use :::3001
    at Server.setupListenHandle [as _listen2] (node:net:1912:16)
    at listenInCluster (node:net:1969:12)
    at Server.listen (node:net:2074:7)
    at file:///Users/sabside/git/codedeck/server/index.js:257:8
    at ModuleJob.run (node:internal/modules/esm/module_job:271:25)
    at async onImport.tracePromise.__proto__ (node:internal/modules/esm/loader:547:26)
    at async asyncRunEntryPointWithESMLoader (node:internal/modules/run_main:116:5)
Emitted 'error' event on WebSocketServer instance at:
    at Server.emit (node:events:524:28)
    at emitErrorNT (node:net:1948:8)
    at process.processTicksAndRejections (node:internal/process/task_queues:90:21) {
  code: 'EADDRINUSE',
  errno: -48,
  syscall: 'listen',
  address: '::',
  port: 3001
}

Node.js v22.12.0

  VITE v5.4.21  ready in 97 ms

  ➜  Local:   http://localhost:3000/
  ➜  Network: use --host to expose
Failed running 'index.js'
10:46:49 AM [vite] hmr update /src/components/Sidebar.jsx
10:46:58 AM [vite] hmr update /src/components/Sidebar.jsx
10:47:04 AM [vite] hmr update /src/components/Sidebar.jsx
10:47:10 AM [vite] hmr update /src/components/Sidebar.jsx
10:47:21 AM [vite] hmr update /src/components/Sidebar.jsx
10:47:29 AM [vite] hmr update /src/components/Sidebar.jsx
